[33mWARNING[0m:  [30-09-2024 00:14:39] chroma_server_nofile is not supported on Windows. chroma_server_nofile will not be set.
[32mINFO[0m:     [30-09-2024 00:14:40] Anonymized telemetry enabled. See                     https://docs.trychroma.com/telemetry for more information.
[36mDEBUG[0m:    [30-09-2024 00:14:40] Starting component System
[36mDEBUG[0m:    [30-09-2024 00:14:40] Starting component OpenTelemetryClient
[36mDEBUG[0m:    [30-09-2024 00:14:40] Starting component SqliteDB
[36mDEBUG[0m:    [30-09-2024 00:14:40] Starting component QuotaEnforcer
[36mDEBUG[0m:    [30-09-2024 00:14:40] Starting component Posthog
[36mDEBUG[0m:    [30-09-2024 00:14:40] Starting component LocalSegmentManager
[36mDEBUG[0m:    [30-09-2024 00:14:40] Starting component SegmentAPI
[32mINFO[0m:     [30-09-2024 00:14:40] Started server process [[36m14292[0m]
[32mINFO[0m:     [30-09-2024 00:14:40] Waiting for application startup.
[32mINFO[0m:     [30-09-2024 00:14:40] Application startup complete.
[32mINFO[0m:     [30-09-2024 00:14:40] Uvicorn running on [1mhttp://0.0.0.0:8000[0m (Press CTRL+C to quit)
[32mINFO[0m:     [30-09-2024 00:20:06] Shutting down
[32mINFO[0m:     [30-09-2024 00:20:06] Waiting for application shutdown.
[36mDEBUG[0m:    [30-09-2024 00:20:06] Stopping component System
[36mDEBUG[0m:    [30-09-2024 00:20:06] Stopping component SegmentAPI
[36mDEBUG[0m:    [30-09-2024 00:20:06] Stopping component LocalSegmentManager
[36mDEBUG[0m:    [30-09-2024 00:20:06] Stopping component Posthog
[36mDEBUG[0m:    [30-09-2024 00:20:06] Stopping component QuotaEnforcer
[36mDEBUG[0m:    [30-09-2024 00:20:06] Stopping component SqliteDB
[36mDEBUG[0m:    [30-09-2024 00:20:06] Stopping component OpenTelemetryClient
[32mINFO[0m:     [30-09-2024 00:20:06] Application shutdown complete.
[32mINFO[0m:     [30-09-2024 00:20:06] Finished server process [[36m14292[0m]
[33mWARNING[0m:  [30-09-2024 00:27:34] chroma_server_nofile is not supported on Windows. chroma_server_nofile will not be set.
[32mINFO[0m:     [30-09-2024 00:27:35] Anonymized telemetry enabled. See                     https://docs.trychroma.com/telemetry for more information.
[36mDEBUG[0m:    [30-09-2024 00:27:35] Starting component System
[36mDEBUG[0m:    [30-09-2024 00:27:35] Starting component OpenTelemetryClient
[36mDEBUG[0m:    [30-09-2024 00:27:35] Starting component SqliteDB
[36mDEBUG[0m:    [30-09-2024 00:27:35] Starting component QuotaEnforcer
[36mDEBUG[0m:    [30-09-2024 00:27:35] Starting component Posthog
[36mDEBUG[0m:    [30-09-2024 00:27:35] Starting component LocalSegmentManager
[36mDEBUG[0m:    [30-09-2024 00:27:35] Starting component SegmentAPI
[32mINFO[0m:     [30-09-2024 00:27:35] Started server process [[36m22452[0m]
[32mINFO[0m:     [30-09-2024 00:27:35] Waiting for application startup.
[32mINFO[0m:     [30-09-2024 00:27:35] Application startup complete.
[32mINFO[0m:     [30-09-2024 00:27:35] Uvicorn running on [1mhttp://0.0.0.0:8000[0m (Press CTRL+C to quit)
[32mINFO[0m:     [06-10-2024 00:12:27] Shutting down
[32mINFO[0m:     [06-10-2024 00:12:27] Waiting for application shutdown.
[36mDEBUG[0m:    [06-10-2024 00:12:27] Stopping component System
[36mDEBUG[0m:    [06-10-2024 00:12:27] Stopping component SegmentAPI
[36mDEBUG[0m:    [06-10-2024 00:12:27] Stopping component LocalSegmentManager
[36mDEBUG[0m:    [06-10-2024 00:12:27] Stopping component Posthog
[36mDEBUG[0m:    [06-10-2024 00:12:27] Stopping component QuotaEnforcer
[36mDEBUG[0m:    [06-10-2024 00:12:27] Stopping component SqliteDB
[36mDEBUG[0m:    [06-10-2024 00:12:27] Stopping component OpenTelemetryClient
[32mINFO[0m:     [06-10-2024 00:12:27] Application shutdown complete.
[32mINFO[0m:     [06-10-2024 00:12:27] Finished server process [[36m22452[0m]
[33mWARNING[0m:  [06-10-2024 00:30:29] chroma_server_nofile is not supported on Windows. chroma_server_nofile will not be set.
[32mINFO[0m:     [06-10-2024 00:30:31] Anonymized telemetry enabled. See                     https://docs.trychroma.com/telemetry for more information.
[36mDEBUG[0m:    [06-10-2024 00:30:31] Starting component System
[36mDEBUG[0m:    [06-10-2024 00:30:31] Starting component OpenTelemetryClient
[36mDEBUG[0m:    [06-10-2024 00:30:31] Starting component SqliteDB
[36mDEBUG[0m:    [06-10-2024 00:30:31] Starting component QuotaEnforcer
[36mDEBUG[0m:    [06-10-2024 00:30:31] Starting component Posthog
[36mDEBUG[0m:    [06-10-2024 00:30:31] Starting component LocalSegmentManager
[36mDEBUG[0m:    [06-10-2024 00:30:31] Starting component SegmentAPI
[32mINFO[0m:     [06-10-2024 00:30:31] Started server process [[36m30604[0m]
[32mINFO[0m:     [06-10-2024 00:30:31] Waiting for application startup.
[32mINFO[0m:     [06-10-2024 00:30:31] Application startup complete.
[32mINFO[0m:     [06-10-2024 00:30:31] Uvicorn running on [1mhttp://0.0.0.0:8000[0m (Press CTRL+C to quit)
[32mINFO[0m:     [06-10-2024 10:20:39] Shutting down
[32mINFO[0m:     [06-10-2024 10:20:39] Finished server process [[36m30604[0m]
[36mDEBUG[0m:    [06-10-2024 10:20:39] Stopping component System
[36mDEBUG[0m:    [06-10-2024 10:20:39] Stopping component SegmentAPI
[36mDEBUG[0m:    [06-10-2024 10:20:39] Stopping component LocalSegmentManager
[36mDEBUG[0m:    [06-10-2024 10:20:39] Stopping component Posthog
[36mDEBUG[0m:    [06-10-2024 10:20:39] Stopping component QuotaEnforcer
[36mDEBUG[0m:    [06-10-2024 10:20:39] Stopping component SqliteDB
[36mDEBUG[0m:    [06-10-2024 10:20:39] Stopping component OpenTelemetryClient
[31mERROR[0m:    [06-10-2024 10:20:39] Traceback (most recent call last):
  File "C:\Users\jamer\AppData\Local\Programs\Python\Python312\Lib\asyncio\runners.py", line 194, in run
    return runner.run(main)
           ^^^^^^^^^^^^^^^^
  File "C:\Users\jamer\AppData\Local\Programs\Python\Python312\Lib\asyncio\runners.py", line 118, in run
    return self._loop.run_until_complete(task)
           ^^^^^^^^^^^^^^^^^^^^^^^^^^^^^^^^^^^
  File "C:\Users\jamer\AppData\Local\Programs\Python\Python312\Lib\asyncio\base_events.py", line 674, in run_until_complete
    self.run_forever()
  File "C:\Users\jamer\AppData\Local\Programs\Python\Python312\Lib\asyncio\windows_events.py", line 322, in run_forever
    super().run_forever()
  File "C:\Users\jamer\AppData\Local\Programs\Python\Python312\Lib\asyncio\base_events.py", line 641, in run_forever
    self._run_once()
  File "C:\Users\jamer\AppData\Local\Programs\Python\Python312\Lib\asyncio\base_events.py", line 1987, in _run_once
    handle._run()
  File "C:\Users\jamer\AppData\Local\Programs\Python\Python312\Lib\asyncio\events.py", line 88, in _run
    self._context.run(self._callback, *self._args)
  File "C:\Users\jamer\PycharmProjects\RAG_framework\.venv\Lib\site-packages\uvicorn\server.py", line 68, in serve
    with self.capture_signals():
  File "C:\Users\jamer\AppData\Local\Programs\Python\Python312\Lib\contextlib.py", line 144, in __exit__
    next(self.gen)
  File "C:\Users\jamer\PycharmProjects\RAG_framework\.venv\Lib\site-packages\uvicorn\server.py", line 328, in capture_signals
    signal.raise_signal(captured_signal)
  File "C:\Users\jamer\AppData\Local\Programs\Python\Python312\Lib\asyncio\runners.py", line 157, in _on_sigint
    raise KeyboardInterrupt()
KeyboardInterrupt

During handling of the above exception, another exception occurred:

Traceback (most recent call last):
  File "C:\Users\jamer\PycharmProjects\RAG_framework\.venv\Lib\site-packages\starlette\routing.py", line 700, in lifespan
    await receive()
  File "C:\Users\jamer\PycharmProjects\RAG_framework\.venv\Lib\site-packages\uvicorn\lifespan\on.py", line 137, in receive
    return await self.receive_queue.get()
           ^^^^^^^^^^^^^^^^^^^^^^^^^^^^^^
  File "C:\Users\jamer\AppData\Local\Programs\Python\Python312\Lib\asyncio\queues.py", line 158, in get
    await getter
asyncio.exceptions.CancelledError

